[{"channel":"AnimalPlanetAfrica.za","reason":"dmca","ref":"https://github.com/iptv-org/iptv/issues/1831"},{"channel":"BeijingSatelliteTV.cn","reason":"dmca","ref":"https://github.com/iptv-org/iptv/issues/1831"}]