[{"country":"AD","subdivision":"AD-02","code":"ADCAN","name":"Canillo","wikidata_id":"Q386802"}]