[{"country":"AZ","code":"AZ-KAN","name":"Kǝngǝrli","parent":"AZ-NX"},{"country":"AZ","code":"AZ-NX","name":"Naxçıvan","parent":null}]