[{"id":"Africa/Abidjan","utc_offset":"+00:00","countries":["CI","BF","GH","GM","GN","IS","ML","MR","SH","SL","SN","TG"]}]