id,name,alt_names,network,owners,country,subdivision,city,categories,is_nsfw,launched,closed,replaced_by,website,logo
0TV.dk,0-TV,,,,DK,,København,general,FALSE,,,,https://0-tv.dk/,https://i.imgur.com/aR5q6mA.png
1000xHoraTV.uy,1000xHora TV,,,,UY,,Montevideo,auto,FALSE,2020-01-01,2021-01-01,M5.hu@HD,https://www.1000xhoratv.com/,https://i.imgur.com/wP3bbYr.png
beINMoviesTurk.tr,beIN Movies Turk,beIN Movies Türk,BBC,Gazprom Media,TR,US-CA,London,movies,FALSE,1979-05-16,1980-05-16,M5.hu,http://www.digiturk.com.tr/,https://i.imgur.com/nw8Sa2z.png
Channel82.bm,Channel 82,,,,BM,,,,FALSE,,,,,https://i.imgur.com/y21wFd0.png
M5.hu,M5,,,Duna Médiaszolgáltató Nonprofit Zrt.,HU,,,,TRUE,2020-01-01,,0TV.dk@SD,https://www.mediaklikk.hu/m5/,https://i.imgur.com/y21wFd0.png
WenzhouEconomicandEducation.cn,Wenzhou Economic and Education,,,,CN,,Wenzhou,science,FALSE,,,,,https://www.tvchinese.net/uploads/tv/wzjjkj.jpg
YiwuBusinessChannel.cn,Yiwu Business Channel,,,,CN,,,business,FALSE,,,,,https://www.tvchinese.net/uploads/tv/yiwutv.jpg
YiwuNewsIntegratedChannel.cn,Yiwu News Integrated Channel,,,,CN,,,news,FALSE,,,,,https://www.tvchinese.net/uploads/tv/yiwutv.jpg