country,subdivision,code,name,wikidata_id
AF,AF-HER,AEAJM,Herāt,Q45313
CN,CN-SD,CNYAT,Yantai,Q210493