channel,reason,ref
beINMoviesTurk.tr,dmca,https://github.com/iptv-org/iptv/issues/1831
HGTVHungary.hu,nsfw,https://github.com/iptv-org/iptv/issues/1831