[{"channel":"AnimalPlanetAfrica.za","ref":"https://github.com/iptv-org/iptv/issues/1831"},{"channel":"BeijingSatelliteTV.cn","ref":"https://github.com/iptv-org/iptv/issues/1831"}]