[{"id":"002RadioTV.do","name":"002 Radio TV","alt_names":[],"network":null,"owners":[],"country":"DO","subdivision":null,"city":null,"broadcast_area":["c/DO"],"languages":["spa"],"categories":["general"],"is_nsfw":false,"launched":null,"closed":null,"replaced_by":null,"website":"https://www.002radio.com/","logo":"https://i.imgur.com/7oNe8xj.png"},{"id":"BeijingSatelliteTV.cn","name":"Beijing Satellite TV","alt_names":["北京卫视"],"network":null,"owners":[],"country":"CN","subdivision":null,"city":"Beijing","broadcast_area":["c/CN"],"languages":["zho"],"categories":["general"],"is_nsfw":false,"launched":"1979-05-16","closed":null,"replaced_by":null,"website":"https://www.brtn.cn/btv/","logo":"https://i.imgur.com/vsktAez.png"},{"id":"M5.hu","name":"M5","alt_names":[],"network":null,"owners":[],"country":"HU","subdivision":null,"city":null,"broadcast_area":["c/HU"],"languages":["hun"],"categories":["auto"],"is_nsfw":true,"launched":null,"closed":"2001-01-01","replaced_by":"BeijingSatelliteTV.cn","website":"https://www.mediaklikk.hu/m5/","logo":"https://i.imgur.com/y21wFd0.png"}]