channel,ref
beINMoviesTurk.tr,https://github.com/iptv-org/iptv/issues/1831
HGTVHungary.hu,https://github.com/iptv-org/iptv/issues/1831